--2026-09-16 23:06:53--  https://awa.desuwa.org/flag/
Resolving awa.desuwa.org (awa.desuwa.org)... 198.18.0.67
Connecting to awa.desuwa.org (awa.desuwa.org)|198.18.0.67|:443... connected.
HTTP request sent, awaiting response... 200 OK
Length: unspecified [text/html]
Saving to: ‘awa.desuwa.org/awa.desuwa.org/flag/index.html’

     0K .......... .......... .......... .......... ....        138K=0.3s

Last-modified header missing -- time-stamps turned off.
2026-09-16 23:06:55 (138 KB/s) - ‘awa.desuwa.org/awa.desuwa.org/flag/index.html’ saved [45832]

--2026-09-16 23:06:55--  https://cdn.tailwindcss.com/
Resolving cdn.tailwindcss.com (cdn.tailwindcss.com)... 198.18.0.78
Connecting to cdn.tailwindcss.com (cdn.tailwindcss.com)|198.18.0.78|:443... connected.
HTTP request sent, awaiting response... 302 Found
Location: /3.4.17 [following]
--2026-09-16 23:06:56--  https://cdn.tailwindcss.com/3.4.17
Reusing existing connection to cdn.tailwindcss.com:443.
HTTP request sent, awaiting response... 304 Not Modified
File ‘awa.desuwa.org/cdn.tailwindcss.com/index.html’ not modified on server. Omitting download.

--2026-09-16 23:06:57--  https://cdnjs.cloudflare.com/ajax/libs/font-awesome/6.5.2/css/all.min.css
Resolving cdnjs.cloudflare.com (cdnjs.cloudflare.com)... 198.18.0.79
Connecting to cdnjs.cloudflare.com (cdnjs.cloudflare.com)|198.18.0.79|:443... connected.
HTTP request sent, awaiting response... 304 Not Modified
File ‘awa.desuwa.org/cdnjs.cloudflare.com/ajax/libs/font-awesome/6.5.2/css/all.min.css’ not modified on server. Omitting download.

--2026-09-16 23:06:58--  https://awa.desuwa.org/vendor/js-yaml.min.js
Connecting to awa.desuwa.org (awa.desuwa.org)|198.18.0.67|:443... connected.
HTTP request sent, awaiting response... 200 OK
Length: unspecified [application/javascript]
Saving to: ‘awa.desuwa.org/awa.desuwa.org/vendor/js-yaml.min.js’

     0K .......... .......... .......... ........               160K=0.2s

Last-modified header missing -- time-stamps turned off.
2026-09-16 23:07:00 (160 KB/s) - ‘awa.desuwa.org/awa.desuwa.org/vendor/js-yaml.min.js’ saved [39430]

--2026-09-16 23:07:00--  https://cdnjs.cloudflare.com/ajax/libs/font-awesome/6.5.2/webfonts/fa-brands-400.woff2
Connecting to cdnjs.cloudflare.com (cdnjs.cloudflare.com)|198.18.0.79|:443... connected.
HTTP request sent, awaiting response... 304 Not Modified
File ‘awa.desuwa.org/cdnjs.cloudflare.com/ajax/libs/font-awesome/6.5.2/webfonts/fa-brands-400.woff2’ not modified on server. Omitting download.

--2026-09-16 23:07:01--  https://cdnjs.cloudflare.com/ajax/libs/font-awesome/6.5.2/webfonts/fa-brands-400.ttf
Reusing existing connection to cdnjs.cloudflare.com:443.
HTTP request sent, awaiting response... 304 Not Modified
File ‘awa.desuwa.org/cdnjs.cloudflare.com/ajax/libs/font-awesome/6.5.2/webfonts/fa-brands-400.ttf’ not modified on server. Omitting download.

--2026-09-16 23:07:01--  https://cdnjs.cloudflare.com/ajax/libs/font-awesome/6.5.2/webfonts/fa-regular-400.woff2
Reusing existing connection to cdnjs.cloudflare.com:443.
HTTP request sent, awaiting response... 304 Not Modified
File ‘awa.desuwa.org/cdnjs.cloudflare.com/ajax/libs/font-awesome/6.5.2/webfonts/fa-regular-400.woff2’ not modified on server. Omitting download.

--2026-09-16 23:07:02--  https://cdnjs.cloudflare.com/ajax/libs/font-awesome/6.5.2/webfonts/fa-regular-400.ttf
Reusing existing connection to cdnjs.cloudflare.com:443.
HTTP request sent, awaiting response... 304 Not Modified
File ‘awa.desuwa.org/cdnjs.cloudflare.com/ajax/libs/font-awesome/6.5.2/webfonts/fa-regular-400.ttf’ not modified on server. Omitting download.

--2026-09-16 23:07:02--  https://cdnjs.cloudflare.com/ajax/libs/font-awesome/6.5.2/webfonts/fa-solid-900.woff2
Reusing existing connection to cdnjs.cloudflare.com:443.
HTTP request sent, awaiting response... 304 Not Modified
File ‘awa.desuwa.org/cdnjs.cloudflare.com/ajax/libs/font-awesome/6.5.2/webfonts/fa-solid-900.woff2’ not modified on server. Omitting download.

--2026-09-16 23:07:03--  https://cdnjs.cloudflare.com/ajax/libs/font-awesome/6.5.2/webfonts/fa-solid-900.ttf
Reusing existing connection to cdnjs.cloudflare.com:443.
HTTP request sent, awaiting response... 304 Not Modified
File ‘awa.desuwa.org/cdnjs.cloudflare.com/ajax/libs/font-awesome/6.5.2/webfonts/fa-solid-900.ttf’ not modified on server. Omitting download.

--2026-09-16 23:07:03--  https://cdnjs.cloudflare.com/ajax/libs/font-awesome/6.5.2/webfonts/fa-v4compatibility.woff2
Reusing existing connection to cdnjs.cloudflare.com:443.
HTTP request sent, awaiting response... 304 Not Modified
File ‘awa.desuwa.org/cdnjs.cloudflare.com/ajax/libs/font-awesome/6.5.2/webfonts/fa-v4compatibility.woff2’ not modified on server. Omitting download.

--2026-09-16 23:07:04--  https://cdnjs.cloudflare.com/ajax/libs/font-awesome/6.5.2/webfonts/fa-v4compatibility.ttf
Reusing existing connection to cdnjs.cloudflare.com:443.
HTTP request sent, awaiting response... 304 Not Modified
File ‘awa.desuwa.org/cdnjs.cloudflare.com/ajax/libs/font-awesome/6.5.2/webfonts/fa-v4compatibility.ttf’ not modified on server. Omitting download.

--2026-09-16 23:07:05--  https://awa.desuwa.org/meme/
Connecting to awa.desuwa.org (awa.desuwa.org)|198.18.0.67|:443... connected.
HTTP request sent, awaiting response... 200 OK
Length: unspecified [text/html]
Saving to: ‘awa.desuwa.org/awa.desuwa.org/meme/index.html’

     0K .......... ......                                       335K=0.05s

Last-modified header missing -- time-stamps turned off.
2026-09-16 23:07:05 (335 KB/s) - ‘awa.desuwa.org/awa.desuwa.org/meme/index.html’ saved [16715]

--2026-09-16 23:07:06--  https://awa.desuwa.org/renderer/
Reusing existing connection to awa.desuwa.org:443.
HTTP request sent, awaiting response... 200 OK
Length: unspecified [text/html]
Saving to: ‘awa.desuwa.org/awa.desuwa.org/renderer/index.html’

     0K .......... .......... .......... .                      251K=0.1s

Last-modified header missing -- time-stamps turned off.
2026-09-16 23:07:06 (251 KB/s) - ‘awa.desuwa.org/awa.desuwa.org/renderer/index.html’ saved [31955]

--2026-09-16 23:07:06--  https://awa.desuwa.org/renderer/$%7Bhref%7D
Reusing existing connection to awa.desuwa.org:443.
HTTP request sent, awaiting response... 200 OK
Length: unspecified [text/html]
Saving to: ‘awa.desuwa.org/awa.desuwa.org/renderer/${href}.html’

     0K .......... .....                                       22.5M=0.001s

Last-modified header missing -- time-stamps turned off.
2026-09-16 23:07:07 (22.5 MB/s) - ‘awa.desuwa.org/awa.desuwa.org/renderer/${href}.html’ saved [15756]

--2026-09-16 23:07:07--  https://awa.desuwa.org/assets/favicon.ico
Reusing existing connection to awa.desuwa.org:443.
HTTP request sent, awaiting response... 200 OK
Length: unspecified [image/vnd.microsoft.icon]
Saving to: ‘awa.desuwa.org/awa.desuwa.org/assets/favicon.ico’

     0K .                                                       124M=0s

Last-modified header missing -- time-stamps turned off.
2026-09-16 23:07:07 (124 MB/s) - ‘awa.desuwa.org/awa.desuwa.org/assets/favicon.ico’ saved [1168]

--2026-09-16 23:07:08--  https://awa.desuwa.org/assets/favicon.png
Reusing existing connection to awa.desuwa.org:443.
HTTP request sent, awaiting response... 200 OK
Length: 61112 (60K) [image/png]
Saving to: ‘awa.desuwa.org/awa.desuwa.org/assets/favicon.png’

     0K .......... .......... .......... .......... .......... 83%  407K 0s
    50K .........                                             100%  569K=0.1s

Last-modified header missing -- time-stamps turned off.
2026-09-16 23:07:08 (426 KB/s) - ‘awa.desuwa.org/awa.desuwa.org/assets/favicon.png’ saved [61112/61112]

--2026-09-16 23:07:08--  https://awa.desuwa.org/renderer/vendor/js-yaml.min.js
Reusing existing connection to awa.desuwa.org:443.
HTTP request sent, awaiting response... 200 OK
Length: unspecified [text/html]
Saving to: ‘awa.desuwa.org/awa.desuwa.org/renderer/vendor/js-yaml.min.js.html’

     0K .......... .....                                       1.49M=0.01s

2026-09-16 23:07:08 (1.49 MB/s) - ‘awa.desuwa.org/awa.desuwa.org/renderer/vendor/js-yaml.min.js.html’ saved [15756]

--2026-09-16 23:07:09--  https://awa.desuwa.org/renderer/$%7Bitem.url%7D
Reusing existing connection to awa.desuwa.org:443.
HTTP request sent, awaiting response... 200 OK
Length: unspecified [text/html]
Saving to: ‘awa.desuwa.org/awa.desuwa.org/renderer/${item.url}.html’

     0K .......... .....                                       13.4M=0.001s

Last-modified header missing -- time-stamps turned off.
2026-09-16 23:07:09 (13.4 MB/s) - ‘awa.desuwa.org/awa.desuwa.org/renderer/${item.url}.html’ saved [15756]

--2026-09-16 23:07:09--  https://awa.desuwa.org/renderer/$%7Blink.url%7D
Reusing existing connection to awa.desuwa.org:443.
HTTP request sent, awaiting response... 200 OK
Length: unspecified [text/html]
Saving to: ‘awa.desuwa.org/awa.desuwa.org/renderer/${link.url}.html’

     0K .......... .....                                        777K=0.02s

Last-modified header missing -- time-stamps turned off.
2026-09-16 23:07:10 (777 KB/s) - ‘awa.desuwa.org/awa.desuwa.org/renderer/${link.url}.html’ saved [15756]

--2026-09-16 23:07:10--  https://awa.desuwa.org/renderer/$%7Bdata.profile.avatar%7D
Reusing existing connection to awa.desuwa.org:443.
HTTP request sent, awaiting response... 200 OK
Length: unspecified [text/html]
Saving to: ‘awa.desuwa.org/awa.desuwa.org/renderer/${data.profile.avatar}.html’

     0K .......... .....                                       18.6M=0.001s

Last-modified header missing -- time-stamps turned off.
2026-09-16 23:07:10 (18.6 MB/s) - ‘awa.desuwa.org/awa.desuwa.org/renderer/${data.profile.avatar}.html’ saved [15756]

--2026-09-16 23:07:10--  https://awa.desuwa.org/assets/avatar.webp
Reusing existing connection to awa.desuwa.org:443.
HTTP request sent, awaiting response... 200 OK
Length: 19472 (19K) [image/webp]
Saving to: ‘awa.desuwa.org/awa.desuwa.org/assets/avatar.webp’

     0K .......... .........                                  100% 3.43M=0.005s

Last-modified header missing -- time-stamps turned off.
2026-09-16 23:07:11 (3.43 MB/s) - ‘awa.desuwa.org/awa.desuwa.org/assets/avatar.webp’ saved [19472/19472]

FINISHED --2026-09-16 23:07:11--
Total wall clock time: 18s
Downloaded: 12 files, 288K in 0.9s (314 KB/s)
Converting links in awa.desuwa.org/awa.desuwa.org/renderer/vendor/js-yaml.min.js.html... 8.
4-4
Converting links in awa.desuwa.org/awa.desuwa.org/renderer/index.html... 3.
3-0
Converting links in awa.desuwa.org/awa.desuwa.org/renderer/${href}.html... 8.
8-0
Converting links in awa.desuwa.org/awa.desuwa.org/meme/index.html... 3.
3-0
Converting links in awa.desuwa.org/awa.desuwa.org/renderer/${item.url}.html... 8.
8-0
Converting links in awa.desuwa.org/awa.desuwa.org/renderer/${link.url}.html... 8.
8-0
Converting links in awa.desuwa.org/awa.desuwa.org/flag/index.html... 3.
3-0
Converting links in awa.desuwa.org/awa.desuwa.org/renderer/${data.profile.avatar}.html... 8.
8-0
Converted links in 8 files in 0.02 seconds.
